# Generated by scripts/audit_maintainability.py — do not edit by hand.
schema_version: 1
hard_gate_enabled: true
hard_gate_count: 10
baseline_gate_count: 3
checks:
  giant_files:
    title: Giant files
    description: "Production Rust files in src/ with >= 1000 lines that are not listed in docs/agent-maintenance/change-surfaces.md."
    hard_gate: true
    baseline_gate: false
    count: 0
    findings:
      []
  giant_file_ratchet:
    title: Giant file re-inflation ratchet
    description: Production giants listed in scripts/audit_maintainability_giant_baseline.toml must not exceed their frozen production-LoC baseline.
    hard_gate: true
    baseline_gate: false
    count: 0
    findings:
      []
  parent_test_residue:
    title: Parent test residue
    description: "Decomposition parents whose inline test LoC exceeds 3x their production LoC (files >= 500 raw lines). Migrate stranded tests with the production code; frozen offenders are baselined in scripts/audit_maintainability_config.toml."
    hard_gate: false
    baseline_gate: true
    count: 4
    findings:
      - file: src/services/discord/inflight.rs
        severity: warn
        message: "5283 test LoC vs 654 prod LoC (ratio 8.08x > 3x, 5937 raw); migrate the stranded tests with the decomposed production code"
        extra:
          prod: 654
          ratio: 8.08
          raw: 5937
          test: 5283
      - file: src/services/discord/turn_finalizer/delivery_lease.rs
        severity: warn
        message: "428 test LoC vs 110 prod LoC (ratio 3.89x > 3x, 538 raw); migrate the stranded tests with the decomposed production code"
        extra:
          prod: 110
          ratio: 3.89
          raw: 538
          test: 428
      - file: src/services/discord/turn_finalizer.rs
        severity: warn
        message: "3990 test LoC vs 1029 prod LoC (ratio 3.88x > 3x, 5019 raw); migrate the stranded tests with the decomposed production code"
        extra:
          prod: 1029
          ratio: 3.88
          raw: 5019
          test: 3990
      - file: src/services/discord/turn_bridge/cancel_finalize_policy.rs
        severity: warn
        message: "450 test LoC vs 146 prod LoC (ratio 3.08x > 3x, 596 raw); migrate the stranded tests with the decomposed production code"
        extra:
          prod: 146
          ratio: 3.08
          raw: 596
          test: 450
  namespace_size_caps:
    title: Namespace size caps
    description: Production Rust files under configured namespaces must stay within their per-namespace caps from scripts/audit_maintainability_config.toml.
    hard_gate: true
    baseline_gate: false
    count: 0
    findings:
      []
  route_srp_violations:
    title: Route SRP violations
    description: "Files under src/server/routes/ that mix raw SQL, json!() shaping, and crate::services::* calls in the same module."
    hard_gate: false
    baseline_gate: true
    count: 10
    findings:
      - file: src/server/routes/agents_crud.rs
        severity: warn
        message: "route file mixes SQL (25), json!() (20), and crate::services calls (5)"
        extra:
          domain: 5
          json: 20
          sql: 25
      - file: src/server/routes/escalation.rs
        severity: warn
        message: "route file mixes SQL (24), json!() (12), and crate::services calls (6)"
        extra:
          domain: 6
          json: 12
          sql: 24
      - file: src/server/routes/stats.rs
        severity: warn
        message: "route file mixes SQL (32), json!() (8), and crate::services calls (2)"
        extra:
          domain: 2
          json: 8
          sql: 32
      - file: src/server/routes/github.rs
        severity: warn
        message: "route file mixes SQL (6), json!() (29), and crate::services calls (1)"
        extra:
          domain: 1
          json: 29
          sql: 6
      - file: src/server/routes/memory_api.rs
        severity: warn
        message: "route file mixes SQL (17), json!() (10), and crate::services calls (7)"
        extra:
          domain: 7
          json: 10
          sql: 17
      - file: src/server/routes/review_verdict/verdict_route.rs
        severity: warn
        message: "route file mixes SQL (5), json!() (20), and crate::services calls (5)"
        extra:
          domain: 5
          json: 20
          sql: 5
      - file: src/server/routes/agents_setup.rs
        severity: warn
        message: "route file mixes SQL (7), json!() (12), and crate::services calls (2)"
        extra:
          domain: 2
          json: 12
          sql: 7
      - file: src/server/routes/queue_api.rs
        severity: warn
        message: "route file mixes SQL (4), json!() (12), and crate::services calls (4)"
        extra:
          domain: 4
          json: 12
          sql: 4
      - file: src/server/routes/cron_api.rs
        severity: warn
        message: "route file mixes SQL (2), json!() (12), and crate::services calls (1)"
        extra:
          domain: 1
          json: 12
          sql: 2
      - file: src/server/routes/provider_cli_api.rs
        severity: warn
        message: "route file mixes SQL (3), json!() (2), and crate::services calls (6)"
        extra:
          domain: 6
          json: 2
          sql: 3
  service_server_backflow:
    title: Service/server backflow
    description: "Files under src/services/ that reference crate::server or super::server server-layer modules."
    hard_gate: false
    baseline_gate: true
    count: 0
    findings:
      []
  direct_discord_sends:
    title: Direct Discord send/edit
    description: "Direct serenity send_message/edit_message/reply calls outside the outbound queue (src/services/discord/outbound/, message_outbox.rs)."
    hard_gate: true
    baseline_gate: false
    count: 0
    findings:
      []
  direct_discord_reactions:
    title: Direct Discord reactions
    description: "Direct serenity create_reaction/delete_reaction or raw reaction wrapper calls outside reaction_lifecycle.rs and turn_view_reconciler*."
    hard_gate: true
    baseline_gate: false
    count: 0
    findings:
      []
  footer_view_writes:
    title: Footer view writes
    description: "Completion-footer registry/write calls outside footer_view_reconciler, plus live footer/status-panel write paths that must be allowlisted until S4-b2."
    hard_gate: true
    baseline_gate: false
    count: 0
    findings:
      []
  manual_json_row_mapping:
    title: Manual row.try_get JSON mapping
    description: "row.try_get::<serde_json::Value|Json<...>>(...) callsites that should use db::row typed helpers."
    hard_gate: true
    baseline_gate: false
    count: 0
    findings:
      []
  limit_clamp_duplication:
    title: limit/days clamp duplication
    description: "Inline `clamp(1, 2000)` is owned by `crate::utils::api::clamp_api_limit` and is flagged on every site outside the helper definition. Other limit/days clamp expressions are flagged when they appear in 3+ source files, signalling another shared helper candidate."
    hard_gate: false
    baseline_gate: false
    count: 0
    findings:
      []
  git_subprocess_callsites:
    title: Direct git subprocess callsites
    description: "std::process::Command::new(\"git\") callsites outside src/services/git. Prefer the centralised git helper for consistent error handling."
    hard_gate: true
    baseline_gate: false
    count: 0
    findings:
      []
  legacy_sqlite_refs:
    title: Legacy SQLite references
    description: "rusqlite / Sqlite* / .sqlite references outside cli/migrate, compat, and db/legacy_sqlite, plus sqlite3 / agentdesk.sqlite in operational shell scripts. Surfaces fossils after the Postgres cutover."
    hard_gate: true
    baseline_gate: false
    count: 0
    findings:
      []
  source_of_truth_alias_writes:
    title: Source-of-truth alias writes
    description: File-write callsites that touch alias paths listed in docs/source-of-truth.md. Writes should target the canonical path.
    hard_gate: true
    baseline_gate: false
    count: 0
    findings:
      []
